// Jest Snapshot v1, https://goo.gl/fbAQLP

exports[`Renders no widgets found message 1`] = `
<div
  className="container"
>
  <div
    className="noWidgetContainer"
  >
    <div
      className="message"
    >
      Your focus page is empty
    </div>
    <div
      className="addWidget"
    >
      <div>
        <button
          className="MuiButtonBase-root MuiButton-root MuiButton-contained makeStyles-button-1 MuiButton-containedPrimary"
          disabled={false}
          onBlur={[Function]}
          onClick={[Function]}
          onDragLeave={[Function]}
          onFocus={[Function]}
          onKeyDown={[Function]}
          onKeyUp={[Function]}
          onMouseDown={[Function]}
          onMouseLeave={[Function]}
          onMouseUp={[Function]}
          onTouchEnd={[Function]}
          onTouchMove={[Function]}
          onTouchStart={[Function]}
          tabIndex={0}
          type="button"
        >
          <span
            className="MuiButton-label"
          >
            Manage Widgets
          </span>
        </button>
      </div>
    </div>
  </div>
</div>
`;
